// Jest Snapshot v1, https://goo.gl/fbAQLP

exports[`should render not found page 1`] = `
<div>
  <p>
    404 - 
    <Link
      to="/"
    >
      Go home
    </Link>
  </p>
</div>
`;
